Archive member included to satisfy reference by file (symbol)

/usr/lib/gcc/arm-none-eabi/10.3.1/thumb/v7e-m/nofp/libgcc.a(_aeabi_uldivmod.o)
                              ./system/src/stm32f4-hal/stm32f4xx_hal_rcc.o (__aeabi_uldivmod)
/usr/lib/gcc/arm-none-eabi/10.3.1/thumb/v7e-m/nofp/libgcc.a(_udivmoddi4.o)
                              /usr/lib/gcc/arm-none-eabi/10.3.1/thumb/v7e-m/nofp/libgcc.a(_aeabi_uldivmod.o) (__udivmoddi4)
/usr/lib/gcc/arm-none-eabi/10.3.1/thumb/v7e-m/nofp/libgcc.a(_dvmd_tls.o)
                              /usr/lib/gcc/arm-none-eabi/10.3.1/thumb/v7e-m/nofp/libgcc.a(_aeabi_uldivmod.o) (__aeabi_ldiv0)
/usr/lib/gcc/arm-none-eabi/10.3.1/../../../arm-none-eabi/lib/thumb/v7e-m/nofp/libg_nano.a(lib_a-errno.o)
                              ./system/src/newlib/sbrk.o (__errno)
/usr/lib/gcc/arm-none-eabi/10.3.1/../../../arm-none-eabi/lib/thumb/v7e-m/nofp/libg_nano.a(lib_a-impure.o)
                              /usr/lib/gcc/arm-none-eabi/10.3.1/../../../arm-none-eabi/lib/thumb/v7e-m/nofp/libg_nano.a(lib_a-errno.o) (_impure_ptr)
/usr/lib/gcc/arm-none-eabi/10.3.1/../../../arm-none-eabi/lib/thumb/v7e-m/nofp/libg_nano.a(lib_a-strlen.o)
                              ./system/src/diag/trace.o (strlen)
/usr/lib/gcc/arm-none-eabi/10.3.1/../../../arm-none-eabi/lib/thumb/v7e-m/nofp/libg_nano.a(lib_a-vsnprintf.o)
                              ./system/src/diag/trace.o (vsnprintf)
/usr/lib/gcc/arm-none-eabi/10.3.1/../../../arm-none-eabi/lib/thumb/v7e-m/nofp/libg_nano.a(lib_a-nano-svfprintf.o)
                              /usr/lib/gcc/arm-none-eabi/10.3.1/../../../arm-none-eabi/lib/thumb/v7e-m/nofp/libg_nano.a(lib_a-vsnprintf.o) (_svfprintf_r)
/usr/lib/gcc/arm-none-eabi/10.3.1/../../../arm-none-eabi/lib/thumb/v7e-m/nofp/libg_nano.a(lib_a-nano-vfprintf_i.o)
                              /usr/lib/gcc/arm-none-eabi/10.3.1/../../../arm-none-eabi/lib/thumb/v7e-m/nofp/libg_nano.a(lib_a-nano-svfprintf.o) (_printf_i)
/usr/lib/gcc/arm-none-eabi/10.3.1/../../../arm-none-eabi/lib/thumb/v7e-m/nofp/libg_nano.a(lib_a-memchr.o)
                              /usr/lib/gcc/arm-none-eabi/10.3.1/../../../arm-none-eabi/lib/thumb/v7e-m/nofp/libg_nano.a(lib_a-nano-svfprintf.o) (memchr)
/usr/lib/gcc/arm-none-eabi/10.3.1/../../../arm-none-eabi/lib/thumb/v7e-m/nofp/libg_nano.a(lib_a-memcpy.o)
                              /usr/lib/gcc/arm-none-eabi/10.3.1/../../../arm-none-eabi/lib/thumb/v7e-m/nofp/libg_nano.a(lib_a-nano-svfprintf.o) (memcpy)
/usr/lib/gcc/arm-none-eabi/10.3.1/../../../arm-none-eabi/lib/thumb/v7e-m/nofp/libg_nano.a(lib_a-memmove.o)
                              /usr/lib/gcc/arm-none-eabi/10.3.1/../../../arm-none-eabi/lib/thumb/v7e-m/nofp/libg_nano.a(lib_a-nano-svfprintf.o) (memmove)
/usr/lib/gcc/arm-none-eabi/10.3.1/../../../arm-none-eabi/lib/thumb/v7e-m/nofp/libg_nano.a(lib_a-nano-freer.o)
                              /usr/lib/gcc/arm-none-eabi/10.3.1/../../../arm-none-eabi/lib/thumb/v7e-m/nofp/libg_nano.a(lib_a-nano-svfprintf.o) (_free_r)
/usr/lib/gcc/arm-none-eabi/10.3.1/../../../arm-none-eabi/lib/thumb/v7e-m/nofp/libg_nano.a(lib_a-nano-mallocr.o)
                              /usr/lib/gcc/arm-none-eabi/10.3.1/../../../arm-none-eabi/lib/thumb/v7e-m/nofp/libg_nano.a(lib_a-nano-svfprintf.o) (_malloc_r)
/usr/lib/gcc/arm-none-eabi/10.3.1/../../../arm-none-eabi/lib/thumb/v7e-m/nofp/libg_nano.a(lib_a-nano-reallocr.o)
                              /usr/lib/gcc/arm-none-eabi/10.3.1/../../../arm-none-eabi/lib/thumb/v7e-m/nofp/libg_nano.a(lib_a-nano-svfprintf.o) (_realloc_r)
/usr/lib/gcc/arm-none-eabi/10.3.1/../../../arm-none-eabi/lib/thumb/v7e-m/nofp/libg_nano.a(lib_a-sbrkr.o)
                              /usr/lib/gcc/arm-none-eabi/10.3.1/../../../arm-none-eabi/lib/thumb/v7e-m/nofp/libg_nano.a(lib_a-nano-mallocr.o) (_sbrk_r)
/usr/lib/gcc/arm-none-eabi/10.3.1/../../../arm-none-eabi/lib/thumb/v7e-m/nofp/libg_nano.a(lib_a-mlock.o)
                              /usr/lib/gcc/arm-none-eabi/10.3.1/../../../arm-none-eabi/lib/thumb/v7e-m/nofp/libg_nano.a(lib_a-nano-freer.o) (__malloc_lock)
/usr/lib/gcc/arm-none-eabi/10.3.1/../../../arm-none-eabi/lib/thumb/v7e-m/nofp/libg_nano.a(lib_a-nano-msizer.o)
                              /usr/lib/gcc/arm-none-eabi/10.3.1/../../../arm-none-eabi/lib/thumb/v7e-m/nofp/libg_nano.a(lib_a-nano-reallocr.o) (_malloc_usable_size_r)

Discarded input sections

 .group         0x0000000000000000        0xc ./system/src/stm32f4-hal/stm32f4xx_hal.o
 .group         0x0000000000000000        0xc ./system/src/stm32f4-hal/stm32f4xx_hal.o
 .group         0x0000000000000000        0xc ./system/src/stm32f4-hal/stm32f4xx_hal.o
 .group         0x0000000000000000        0xc ./system/src/stm32f4-hal/stm32f4xx_hal.o
 .group         0x0000000000000000        0xc ./system/src/stm32f4-hal/stm32f4xx_hal.o
 .group         0x0000000000000000        0xc ./system/src/stm32f4-hal/stm32f4xx_hal.o
 .group         0x0000000000000000        0xc ./system/src/stm32f4-hal/stm32f4xx_hal.o
[...]
Memory Configuration

Name             Origin             Length             Attributes
RAM              0x0000000020000000 0x0000000000020000 xrw
CCMRAM           0x0000000010000000 0x0000000000010000 xrw
FLASH            0x0000000008000000 0x0000000000080000 xr
FLASHB1          0x0000000000000000 0x0000000000000000 xr
EXTMEMB0         0x0000000000000000 0x0000000000000000 xr
EXTMEMB1         0x0000000000000000 0x0000000000000000 xr
EXTMEMB2         0x0000000000000000 0x0000000000000000 xr
EXTMEMB3         0x0000000000000000 0x0000000000000000 xr
MEMORY_ARRAY     0x0000000020002000 0x0000000000000020 xrw
*default*        0x0000000000000000 0xffffffffffffffff

Linker script and memory map

LOAD ./system/src/stm32f4-hal/stm32f4xx_hal.o
LOAD ./system/src/stm32f4-hal/stm32f4xx_hal_cortex.o
LOAD ./system/src/stm32f4-hal/stm32f4xx_hal_flash.o
LOAD ./system/src/stm32f4-hal/stm32f4xx_hal_flash_ex.o
LOAD ./system/src/stm32f4-hal/stm32f4xx_hal_flash_ramfunc.o
LOAD ./system/src/stm32f4-hal/stm32f4xx_hal_gpio.o
LOAD ./system/src/stm32f4-hal/stm32f4xx_hal_iwdg.o
LOAD ./system/src/stm32f4-hal/stm32f4xx_hal_pwr.o
LOAD ./system/src/stm32f4-hal/stm32f4xx_hal_rcc.o
LOAD ./system/src/newlib/assert.o
LOAD ./system/src/newlib/cxx.o
LOAD ./system/src/newlib/exit.o
LOAD ./system/src/newlib/sbrk.o
LOAD ./system/src/newlib/startup.o
LOAD ./system/src/newlib/syscalls.o
LOAD ./system/src/diag/trace-impl.o
LOAD ./system/src/diag/trace.o
LOAD ./system/src/cortexm/exception-handlers.o
LOAD ./system/src/cortexm/initialize-hardware.o
LOAD ./system/src/cortexm/reset-hardware.o
LOAD ./system/src/cmsis/system_stm32f4xx.o
LOAD ./system/src/cmsis/vectors_stm32f411xe.o
LOAD ./src/initialize-hardware.o
LOAD ./src/main.o
LOAD ./src/stm32f4xx_hal_msp.o
LOAD ./src/write.o
LOAD /usr/lib/gcc/arm-none-eabi/10.3.1/../../../arm-none-eabi/lib/thumb/v7e-m/nofp/libstdc++_nano.a
LOAD /usr/lib/gcc/arm-none-eabi/10.3.1/../../../arm-none-eabi/lib/thumb/v7e-m/nofp/libm.a
START GROUP
LOAD /usr/lib/gcc/arm-none-eabi/10.3.1/thumb/v7e-m/nofp/libgcc.a
LOAD /usr/lib/gcc/arm-none-eabi/10.3.1/../../../arm-none-eabi/lib/thumb/v7e-m/nofp/libg_nano.a
LOAD /usr/lib/gcc/arm-none-eabi/10.3.1/../../../arm-none-eabi/lib/thumb/v7e-m/nofp/libc_nano.a
END GROUP
START GROUP
LOAD /usr/lib/gcc/arm-none-eabi/10.3.1/thumb/v7e-m/nofp/libgcc.a
LOAD /usr/lib/gcc/arm-none-eabi/10.3.1/../../../arm-none-eabi/lib/thumb/v7e-m/nofp/libc_nano.a
END GROUP
                0x0000000020020000                __stack = (ORIGIN (RAM) + LENGTH (RAM))
                0x0000000020020000                _estack = __stack
                0x0000000000000400                __Main_Stack_Size = 0x400
                [!provide]                        PROVIDE (_Main_Stack_Size = __Main_Stack_Size)
                0x000000002001fc00                __Main_Stack_Limit = (__stack - __Main_Stack_Size)
                [!provide]                        PROVIDE (_Main_Stack_Limit = __Main_Stack_Limit)
                0x0000000000000100                _Minimum_Stack_Size = 0x100
                0x0000000020000120                PROVIDE (_Heap_Begin = _end_noinit)
                0x000000002001fc00                PROVIDE (_Heap_Limit = (__stack - __Main_Stack_Size))

.isr_vector     0x0000000008000000      0x3f8
 FILL mask 0xff
                0x0000000008000000                __vectors_start = ABSOLUTE (.)
                0x0000000008000000                __vectors_start__ = ABSOLUTE (.)
 *(.isr_vector)
 .isr_vector    0x0000000008000000      0x198 ./system/src/cmsis/vectors_stm32f411xe.o
                0x0000000008000000                __isr_vectors
 *(.cfmconfig)
 *(.after_vectors .after_vectors.*)
 .after_vectors
                0x0000000008000198      0x130 ./system/src/newlib/startup.o
                0x0000000008000198                _start
 .after_vectors
                0x00000000080002c8      0x12c ./system/src/cortexm/exception-handlers.o
                0x00000000080002c8                Reset_Handler
                0x00000000080002ce                NMI_Handler
                0x00000000080002d2                HardFault_Handler
                0x00000000080002e6                HardFault_Handler_C
                0x0000000008000344                MemManage_Handler
                0x0000000008000348                BusFault_Handler
                0x000000000800035c                BusFault_Handler_C
                0x0000000008000390                UsageFault_Handler
                0x00000000080003a4                UsageFault_Handler_C
                0x00000000080003d8                SVC_Handler
                0x00000000080003dc                DebugMon_Handler
                0x00000000080003e0                PendSV_Handler
                0x00000000080003e4                SysTick_Handler
 .after_vectors
                0x00000000080003f4        0x4 ./system/src/cmsis/vectors_stm32f411xe.o
                0x00000000080003f4                RTC_Alarm_IRQHandler
                0x00000000080003f4                EXTI2_IRQHandler
                0x00000000080003f4                SPI4_IRQHandler
                0x00000000080003f4                TIM1_CC_IRQHandler
                0x00000000080003f4                DMA2_Stream5_IRQHandler
                0x00000000080003f4                DMA1_Stream5_IRQHandler
                0x00000000080003f4                PVD_IRQHandler
                0x00000000080003f4                SDIO_IRQHandler
                0x00000000080003f4                TAMP_STAMP_IRQHandler
                0x00000000080003f4                EXTI3_IRQHandler
                0x00000000080003f4                TIM1_UP_TIM10_IRQHandler
                0x00000000080003f4                I2C3_ER_IRQHandler
                0x00000000080003f4                EXTI0_IRQHandler
                0x00000000080003f4                I2C2_EV_IRQHandler
                0x00000000080003f4                DMA1_Stream2_IRQHandler
                0x00000000080003f4                FPU_IRQHandler
                0x00000000080003f4                DMA2_Stream2_IRQHandler
                0x00000000080003f4                SPI1_IRQHandler
                0x00000000080003f4                TIM1_BRK_TIM9_IRQHandler
                0x00000000080003f4                DMA2_Stream3_IRQHandler
                0x00000000080003f4                USART6_IRQHandler
                0x00000000080003f4                DMA2_Stream0_IRQHandler
                0x00000000080003f4                TIM4_IRQHandler
                0x00000000080003f4                I2C1_EV_IRQHandler
                0x00000000080003f4                DMA1_Stream6_IRQHandler
                0x00000000080003f4                DMA1_Stream1_IRQHandler
                0x00000000080003f4                TIM3_IRQHandler
                0x00000000080003f4                RCC_IRQHandler
                0x00000000080003f4                Default_Handler
                0x00000000080003f4                EXTI15_10_IRQHandler
                0x00000000080003f4                ADC_IRQHandler
                0x00000000080003f4                DMA1_Stream7_IRQHandler
                0x00000000080003f4                SPI5_IRQHandler
                0x00000000080003f4                TIM5_IRQHandler
                0x00000000080003f4                DMA2_Stream7_IRQHandler
                0x00000000080003f4                I2C3_EV_IRQHandler
                0x00000000080003f4                EXTI9_5_IRQHandler
                0x00000000080003f4                RTC_WKUP_IRQHandler
                0x00000000080003f4                SPI2_IRQHandler
                0x00000000080003f4                DMA1_Stream0_IRQHandler
                0x00000000080003f4                EXTI4_IRQHandler
                0x00000000080003f4                WWDG_IRQHandler
                0x00000000080003f4                TIM2_IRQHandler
                0x00000000080003f4                OTG_FS_WKUP_IRQHandler
                0x00000000080003f4                TIM1_TRG_COM_TIM11_IRQHandler
                0x00000000080003f4                EXTI1_IRQHandler
                0x00000000080003f4                USART2_IRQHandler
                0x00000000080003f4                I2C2_ER_IRQHandler
                0x00000000080003f4                DMA2_Stream1_IRQHandler
                0x00000000080003f4                FLASH_IRQHandler
                0x00000000080003f4                DMA2_Stream4_IRQHandler
                0x00000000080003f4                USART1_IRQHandler
                0x00000000080003f4                OTG_FS_IRQHandler
                0x00000000080003f4                SPI3_IRQHandler
                0x00000000080003f4                DMA1_Stream4_IRQHandler
                0x00000000080003f4                I2C1_ER_IRQHandler
                0x00000000080003f4                DMA2_Stream6_IRQHandler
                0x00000000080003f4                DMA1_Stream3_IRQHandler

.inits          0x00000000080003f8       0x28
                0x00000000080003f8                __data_regions_array_start = .
                0x00000000080003f8        0x4 LONG 0x800241c LOADADDR (.data)
                0x00000000080003fc        0x4 LONG 0x20000000 ADDR (.data)
                0x0000000008000400        0x4 LONG 0x20000080 (ADDR (.data) + SIZEOF (.data))
                0x0000000008000404        0x4 LONG 0x800241c LOADADDR (.data_CCMRAM)
                0x0000000008000408        0x4 LONG 0x10000000 ADDR (.data_CCMRAM)
                0x000000000800040c        0x4 LONG 0x10000000 (ADDR (.data_CCMRAM) + SIZEOF (.data_CCMRAM))
                0x0000000008000410                __data_regions_array_end = .
                0x0000000008000410                __bss_regions_array_start = .
                0x0000000008000410        0x4 LONG 0x20000080 ADDR (.bss)
                0x0000000008000414        0x4 LONG 0x20000120 (ADDR (.bss) + SIZEOF (.bss))
                0x0000000008000418        0x4 LONG 0x10000000 ADDR (.bss_CCMRAM)
                0x000000000800041c        0x4 LONG 0x10000000 (ADDR (.bss_CCMRAM) + SIZEOF (.bss_CCMRAM))
                0x0000000008000420                __bss_regions_array_end = .
 *(.init)
 *(.fini)
                0x0000000008000420                . = ALIGN (0x4)
                0x0000000008000420                PROVIDE (__preinit_array_start = .)
 *(.preinit_array_sysinit .preinit_array_sysinit.*)
 *(.preinit_array_platform .preinit_array_platform.*)
 *(.preinit_array .preinit_array.*)
                0x0000000008000420                PROVIDE (__preinit_array_end = .)
                0x0000000008000420                . = ALIGN (0x4)
                0x0000000008000420                PROVIDE (__init_array_start = .)
 *(SORT_BY_NAME(.init_array.*))
 *(.init_array)
                0x0000000008000420                PROVIDE (__init_array_end = .)
                0x0000000008000420                . = ALIGN (0x4)
                0x0000000008000420                PROVIDE (__fini_array_start = .)
 *(SORT_BY_NAME(.fini_array.*))
 *(.fini_array)
                0x0000000008000420                PROVIDE (__fini_array_end = .)

.flashtext
 *(.flashtext .flashtext.*)

.text           0x0000000008000420     0x1ff1
 *(.text .text.*)
 .text.HAL_InitTick
                0x0000000008000420       0x4c ./system/src/stm32f4-hal/stm32f4xx_hal.o
                0x0000000008000420                HAL_InitTick
 .text.HAL_Init
                0x000000000800046c       0x34 ./system/src/stm32f4-hal/stm32f4xx_hal.o
                0x000000000800046c                HAL_Init
 .text.HAL_GetTick
                0x00000000080004a0        0xc ./system/src/stm32f4-hal/stm32f4xx_hal.o
                0x00000000080004a0                HAL_GetTick
 .text.HAL_NVIC_SetPriorityGrouping
                0x00000000080004ac       0x3c ./system/src/stm32f4-hal/stm32f4xx_hal_cortex.o
                0x00000000080004ac                HAL_NVIC_SetPriorityGrouping
 .text.HAL_NVIC_SetPriority
                0x00000000080004e8       0x8c ./system/src/stm32f4-hal/stm32f4xx_hal_cortex.o
                0x00000000080004e8                HAL_NVIC_SetPriority
 .text.HAL_SYSTICK_Config
                0x0000000008000574       0x28 ./system/src/stm32f4-hal/stm32f4xx_hal_cortex.o
                0x0000000008000574                HAL_SYSTICK_Config
 .text.HAL_SYSTICK_CLKSourceConfig
                0x000000000800059c       0x3c ./system/src/stm32f4-hal/stm32f4xx_hal_cortex.o
                0x000000000800059c                HAL_SYSTICK_CLKSourceConfig
 .text.HAL_RCC_OscConfig
                0x00000000080005d8      0x4f0 ./system/src/stm32f4-hal/stm32f4xx_hal_rcc.o
                0x00000000080005d8                HAL_RCC_OscConfig
 .text.HAL_RCC_GetSysClockFreq
                0x0000000008000ac8       0xd4 ./system/src/stm32f4-hal/stm32f4xx_hal_rcc.o
                0x0000000008000ac8                HAL_RCC_GetSysClockFreq
 .text.HAL_RCC_ClockConfig
                0x0000000008000b9c      0x21c ./system/src/stm32f4-hal/stm32f4xx_hal_rcc.o
                0x0000000008000b9c                HAL_RCC_ClockConfig
 .text.HAL_RCC_GetHCLKFreq
                0x0000000008000db8        0xc ./system/src/stm32f4-hal/stm32f4xx_hal_rcc.o
                0x0000000008000db8                HAL_RCC_GetHCLKFreq
 .text._exit    0x0000000008000dc4        0x2 ./system/src/newlib/exit.o
                0x0000000008000dc4                _exit
 *fill*         0x0000000008000dc6        0x2 
 .text._sbrk    0x0000000008000dc8       0x44 ./system/src/newlib/sbrk.o
                0x0000000008000dc8                _sbrk
 .text.__initialize_args
                0x0000000008000e0c       0x10 ./system/src/newlib/syscalls.o
                0x0000000008000e0c                __initialize_args
 .text._trace_write_semihosting_debug
                0x0000000008000e1c       0x62 ./system/src/diag/trace-impl.o
 .text.trace_write
                0x0000000008000e7e        0x8 ./system/src/diag/trace-impl.o
                0x0000000008000e7e                trace_write
 *fill*         0x0000000008000e86        0x2 
 .text.trace_printf
                0x0000000008000e88       0x34 ./system/src/diag/trace.o
                0x0000000008000e88                trace_printf
 .text.dumpExceptionStack
                0x0000000008000ebc       0xf4 ./system/src/cortexm/exception-handlers.o
                0x0000000008000ebc                dumpExceptionStack
 .text.isSemihosting
                0x0000000008000fb0       0x20 ./system/src/cortexm/exception-handlers.o
                0x0000000008000fb0                isSemihosting
 .text.__initialize_hardware_early
                0x0000000008000fd0       0x18 ./system/src/cortexm/initialize-hardware.o
                0x0000000008000fd0                __initialize_hardware_early
 .text.SystemInit
                0x0000000008000fe8       0x10 ./system/src/cmsis/system_stm32f4xx.o
                0x0000000008000fe8                SystemInit
 .text.SystemCoreClockUpdate
                0x0000000008000ff8       0xa0 ./system/src/cmsis/system_stm32f4xx.o
                0x0000000008000ff8                SystemCoreClockUpdate
 .text.SystemClock_Config
                0x0000000008001098       0x9c ./src/initialize-hardware.o
                0x0000000008001098                SystemClock_Config
 .text.__initialize_hardware
                0x0000000008001134       0x10 ./src/initialize-hardware.o
                0x0000000008001134                __initialize_hardware
 .text.assert_failed
                0x0000000008001144       0x14 ./src/initialize-hardware.o
                0x0000000008001144                assert_failed
 .text.main     0x0000000008001158        0x2 ./src/main.o
                0x0000000008001158                main
 .text.HAL_MspInit
                0x000000000800115a        0x2 ./src/stm32f4xx_hal_msp.o
                0x000000000800115a                HAL_MspInit
 .text          0x000000000800115c       0x30 /usr/lib/gcc/arm-none-eabi/10.3.1/thumb/v7e-m/nofp/libgcc.a(_aeabi_uldivmod.o)
                0x000000000800115c                __aeabi_uldivmod
 .text          0x000000000800118c      0x2d0 /usr/lib/gcc/arm-none-eabi/10.3.1/thumb/v7e-m/nofp/libgcc.a(_udivmoddi4.o)
                0x000000000800118c                __udivmoddi4
 .text          0x000000000800145c        0x4 /usr/lib/gcc/arm-none-eabi/10.3.1/thumb/v7e-m/nofp/libgcc.a(_dvmd_tls.o)
                0x000000000800145c                __aeabi_ldiv0
                0x000000000800145c                __aeabi_idiv0
 .text          0x0000000008001460        0xc /usr/lib/gcc/arm-none-eabi/10.3.1/../../../arm-none-eabi/lib/thumb/v7e-m/nofp/libg_nano.a(lib_a-errno.o)
                0x0000000008001460                __errno
 .text          0x000000000800146c       0xe0 /usr/lib/gcc/arm-none-eabi/10.3.1/../../../arm-none-eabi/lib/thumb/v7e-m/nofp/libg_nano.a(lib_a-vsnprintf.o)
                0x000000000800146c                vsnprintf
                0x000000000800146c                vsniprintf
                0x00000000080014dc                _vsnprintf_r
                0x00000000080014dc                _vsniprintf_r
 .text          0x000000000800154c      0x3f0 /usr/lib/gcc/arm-none-eabi/10.3.1/../../../arm-none-eabi/lib/thumb/v7e-m/nofp/libg_nano.a(lib_a-nano-svfprintf.o)
                0x000000000800154c                __ssputs_r
                0x0000000008001610                __ssprint_r
                0x0000000008001708                _svfprintf_r
                0x0000000008001708                _svfiprintf_r
 .text          0x000000000800193c      0x3dc /usr/lib/gcc/arm-none-eabi/10.3.1/../../../arm-none-eabi/lib/thumb/v7e-m/nofp/libg_nano.a(lib_a-nano-vfprintf_i.o)
                0x000000000800193c                _printf_common
                0x0000000008001a68                _printf_i
 *fill*         0x0000000008001d18        0x8 
 .text          0x0000000008001d20       0xa0 /usr/lib/gcc/arm-none-eabi/10.3.1/../../../arm-none-eabi/lib/thumb/v7e-m/nofp/libg_nano.a(lib_a-memchr.o)
                0x0000000008001d20                memchr
 .text          0x0000000008001dc0      0x134 /usr/lib/gcc/arm-none-eabi/10.3.1/../../../arm-none-eabi/lib/thumb/v7e-m/nofp/libg_nano.a(lib_a-memcpy.o)
                0x0000000008001dc0                memcpy
 .text          0x0000000008001ef4       0xf8 /usr/lib/gcc/arm-none-eabi/10.3.1/../../../arm-none-eabi/lib/thumb/v7e-m/nofp/libg_nano.a(lib_a-memmove.o)
                0x0000000008001ef4                memmove
 .text          0x0000000008001fec       0xbc /usr/lib/gcc/arm-none-eabi/10.3.1/../../../arm-none-eabi/lib/thumb/v7e-m/nofp/libg_nano.a(lib_a-nano-freer.o)
                0x0000000008001fec                _free_r
 .text          0x00000000080020a8       0xb4 /usr/lib/gcc/arm-none-eabi/10.3.1/../../../arm-none-eabi/lib/thumb/v7e-m/nofp/libg_nano.a(lib_a-nano-mallocr.o)
                0x00000000080020a8                _malloc_r
 .text          0x000000000800215c       0x50 /usr/lib/gcc/arm-none-eabi/10.3.1/../../../arm-none-eabi/lib/thumb/v7e-m/nofp/libg_nano.a(lib_a-nano-reallocr.o)
                0x000000000800215c                _realloc_r
 .text          0x00000000080021ac       0x24 /usr/lib/gcc/arm-none-eabi/10.3.1/../../../arm-none-eabi/lib/thumb/v7e-m/nofp/libg_nano.a(lib_a-sbrkr.o)
                0x00000000080021ac                _sbrk_r
 .text          0x00000000080021d0        0x8 /usr/lib/gcc/arm-none-eabi/10.3.1/../../../arm-none-eabi/lib/thumb/v7e-m/nofp/libg_nano.a(lib_a-mlock.o)
                0x00000000080021d0                __malloc_lock
                0x00000000080021d4                __malloc_unlock
 .text          0x00000000080021d8       0x14 /usr/lib/gcc/arm-none-eabi/10.3.1/../../../arm-none-eabi/lib/thumb/v7e-m/nofp/libg_nano.a(lib_a-nano-msizer.o)
                0x00000000080021d8                _malloc_usable_size_r
 *(.rodata .rodata.* .constdata .constdata.*)
 .rodata.HAL_NVIC_SetPriorityGrouping.str1.4
                0x00000000080021ec       0x31 ./system/src/stm32f4-hal/stm32f4xx_hal_cortex.o
 *fill*         0x000000000800221d        0x3 
 .rodata.HAL_RCC_OscConfig.str1.4
                0x0000000008002220       0x2e ./system/src/stm32f4-hal/stm32f4xx_hal_rcc.o
 *fill*         0x000000000800224e        0x2 
 .rodata.dumpExceptionStack.str1.4
                0x0000000008002250      0x11a ./system/src/cortexm/exception-handlers.o
 *fill*         0x000000000800236a        0x2 
 .rodata.str1.4
                0x000000000800236c       0x2a ./system/src/cortexm/exception-handlers.o
 *fill*         0x0000000008002396        0x2 
 .rodata.AHBPrescTable
                0x0000000008002398       0x10 ./system/src/cmsis/system_stm32f4xx.o
                0x0000000008002398                AHBPrescTable
 .rodata.assert_failed.str1.4
                0x00000000080023a8       0x2d ./src/initialize-hardware.o
 *fill*         0x00000000080023d5        0x3 
 .rodata.str1.4
                0x00000000080023d8       0x13 /usr/lib/gcc/arm-none-eabi/10.3.1/../../../arm-none-eabi/lib/thumb/v7e-m/nofp/libg_nano.a(lib_a-nano-svfprintf.o)
 *fill*         0x00000000080023eb        0x1 
 .rodata.str1.4
                0x00000000080023ec       0x25 /usr/lib/gcc/arm-none-eabi/10.3.1/../../../arm-none-eabi/lib/thumb/v7e-m/nofp/libg_nano.a(lib_a-nano-vfprintf_i.o)
 *(vtable)
 *(.eh_frame*)
 *(.glue_7)
 .glue_7        0x0000000008002411        0x0 linker stubs
 *(.glue_7t)
 .glue_7t       0x0000000008002411        0x0 linker stubs

.vfp11_veneer   0x0000000008002414        0x0
 .vfp11_veneer  0x0000000008002414        0x0 linker stubs

.v4_bx          0x0000000008002414        0x0
 .v4_bx         0x0000000008002414        0x0 linker stubs

.iplt           0x0000000008002414        0x0
 .iplt          0x0000000008002414        0x0 ./system/src/stm32f4-hal/stm32f4xx_hal.o

.ARM.extab
 *(.ARM.extab* .gnu.linkonce.armextab.*)
                0x0000000008002414                . = ALIGN (0x4)
                0x0000000008002414                __exidx_start = .

.ARM.exidx      0x0000000008002414        0x8
 *(.ARM.exidx* .gnu.linkonce.armexidx.*)
 .ARM.exidx     0x0000000008002414        0x8 /usr/lib/gcc/arm-none-eabi/10.3.1/thumb/v7e-m/nofp/libgcc.a(_udivmoddi4.o)
                0x000000000800241c                __exidx_end = .

.rel.dyn        0x000000000800241c        0x0
 .rel.iplt      0x000000000800241c        0x0 ./system/src/stm32f4-hal/stm32f4xx_hal.o
                0x000000000800241c                . = ALIGN (0x4)
                0x000000000800241c                _etext = .
                0x000000000800241c                __etext = .

.data_CCMRAM    0x0000000010000000        0x0 load address 0x000000000800241c
 FILL mask 0xff
 *(.data.CCMRAM .data.CCMRAM.*)
                0x0000000010000000                . = ALIGN (0x4)
                0x000000000800241c                _sidata = LOADADDR (.data)

.data           0x0000000020000000       0x80 load address 0x000000000800241c
 FILL mask 0xff
                0x0000000020000000                _sdata = .
                0x0000000020000000                __data_start__ = .
 *(.data_begin .data_begin.*)
 .data_begin    0x0000000020000000        0x4 ./system/src/newlib/startup.o
 *(.data .data.*)
 .data.uwTickFreq
                0x0000000020000004        0x1 ./system/src/stm32f4-hal/stm32f4xx_hal.o
                0x0000000020000004                uwTickFreq
 *fill*         0x0000000020000005        0x3 ff
 .data.uwTickPrio
                0x0000000020000008        0x4 ./system/src/stm32f4-hal/stm32f4xx_hal.o
                0x0000000020000008                uwTickPrio
 .data.argv.1   0x000000002000000c        0x8 ./system/src/newlib/syscalls.o
 .data.SystemCoreClock
                0x0000000020000014        0x4 ./system/src/cmsis/system_stm32f4xx.o
                0x0000000020000014                SystemCoreClock
 .data          0x0000000020000018       0x64 /usr/lib/gcc/arm-none-eabi/10.3.1/../../../arm-none-eabi/lib/thumb/v7e-m/nofp/libg_nano.a(lib_a-impure.o)
                0x0000000020000018                _impure_ptr
 *(.data_end .data_end.*)
 .data_end      0x000000002000007c        0x4 ./system/src/newlib/startup.o
                0x0000000020000080                . = ALIGN (0x4)
                0x0000000020000080                _edata = .
                0x0000000020000080                __data_end__ = .

.igot.plt       0x0000000020000080        0x0 load address 0x000000000800249c
 .igot.plt      0x0000000020000080        0x0 ./system/src/stm32f4-hal/stm32f4xx_hal.o

.bss_CCMRAM     0x0000000010000000        0x0
 *(.bss.CCMRAM .bss.CCMRAM.*)

.bss            0x0000000020000080       0xa0
                0x0000000020000080                __bss_start__ = .
                0x0000000020000080                _sbss = .
 *(.bss_begin .bss_begin.*)
 .bss_begin     0x0000000020000080        0x4 ./system/src/newlib/startup.o
 *(.bss .bss.*)
 .bss.uwTick    0x0000000020000084        0x4 ./system/src/stm32f4-hal/stm32f4xx_hal.o
                0x0000000020000084                uwTick
 .bss.current_heap_end.0
                0x0000000020000088        0x4 ./system/src/newlib/sbrk.o
 .bss.errno     0x000000002000008c        0x4 ./system/src/newlib/syscalls.o
                0x000000002000008c                errno
 .bss.name.0    0x0000000020000090        0x1 ./system/src/newlib/syscalls.o
 *fill*         0x0000000020000091        0x3 
 .bss.buf.0     0x0000000020000094       0x80 ./system/src/diag/trace.o
 .bss           0x0000000020000114        0x8 /usr/lib/gcc/arm-none-eabi/10.3.1/../../../arm-none-eabi/lib/thumb/v7e-m/nofp/libg_nano.a(lib_a-nano-mallocr.o)
                0x0000000020000114                __malloc_free_list
                0x0000000020000118                __malloc_sbrk_start
 *(COMMON)
 *(.bss_end .bss_end.*)
 .bss_end       0x000000002000011c        0x4 ./system/src/newlib/startup.o
                0x0000000020000120                . = ALIGN (0x4)
                0x0000000020000120                __bss_end__ = .
                0x0000000020000120                _ebss = .

.noinit_CCMRAM
 *(.noinit.CCMRAM .noinit.CCMRAM.*)

.noinit         0x0000000020000120        0x0
                0x0000000020000120                _noinit = .
 *(.noinit .noinit.*)
                0x0000000020000120                . = ALIGN (0x4)
                0x0000000020000120                _end_noinit = .
                [!provide]                        PROVIDE (end = _end_noinit)
                [!provide]                        PROVIDE (_end = _end_noinit)
                [!provide]                        PROVIDE (__end = _end_noinit)
                [!provide]                        PROVIDE (__end__ = _end_noinit)

._check_stack   0x0000000020000120      0x100
                0x0000000020000220                . = (. + _Minimum_Stack_Size)
 *fill*         0x0000000020000120      0x100 

.b1text
 *(.b1text)
 *(.b1rodata)
 *(.b1rodata.*)

.eb0text
 *(.eb0text)
 *(.eb0rodata)
 *(.eb0rodata.*)

.eb1text
 *(.eb1text)
 *(.eb1rodata)
 *(.eb1rodata.*)

.eb2text
 *(.eb2text)
 *(.eb2rodata)
 *(.eb2rodata.*)

.eb3text
 *(.eb3text)
 *(.eb3rodata)
 *(.eb3rodata.*)

.stab
 *(.stab)

.stabstr
 *(.stabstr)

.stab.excl
 *(.stab.excl)

.stab.exclstr
 *(.stab.exclstr)

.stab.index
 *(.stab.index)

.stab.indexstr
 *(.stab.indexstr)

.comment        0x0000000000000000       0x33
 *(.comment)
 .comment       0x0000000000000000       0x33 ./system/src/stm32f4-hal/stm32f4xx_hal.o
                                         0x34 (size before relaxing)
 .comment       0x0000000000000033       0x34 ./system/src/stm32f4-hal/stm32f4xx_hal_cortex.o
 .comment       0x0000000000000033       0x34 ./system/src/stm32f4-hal/stm32f4xx_hal_rcc.o
 .comment       0x0000000000000033       0x34 ./system/src/newlib/exit.o
 .comment       0x0000000000000033       0x34 ./system/src/newlib/sbrk.o
 .comment       0x0000000000000033       0x34 ./system/src/newlib/startup.o
 .comment       0x0000000000000033       0x34 ./system/src/newlib/syscalls.o
 .comment       0x0000000000000033       0x34 ./system/src/diag/trace-impl.o
 .comment       0x0000000000000033       0x34 ./system/src/diag/trace.o
 .comment       0x0000000000000033       0x34 ./system/src/cortexm/exception-handlers.o
 .comment       0x0000000000000033       0x34 ./system/src/cortexm/initialize-hardware.o
 .comment       0x0000000000000033       0x34 ./system/src/cmsis/system_stm32f4xx.o
 .comment       0x0000000000000033       0x34 ./system/src/cmsis/vectors_stm32f411xe.o
 .comment       0x0000000000000033       0x34 ./src/initialize-hardware.o
 .comment       0x0000000000000033       0x34 ./src/main.o
 .comment       0x0000000000000033       0x34 ./src/stm32f4xx_hal_msp.o
 .comment       0x0000000000000033       0x34 /usr/lib/gcc/arm-none-eabi/10.3.1/thumb/v7e-m/nofp/libgcc.a(_udivmoddi4.o)
 .comment       0x0000000000000033       0x34 /usr/lib/gcc/arm-none-eabi/10.3.1/../../../arm-none-eabi/lib/thumb/v7e-m/nofp/libg_nano.a(lib_a-errno.o)
 .comment       0x0000000000000033       0x34 /usr/lib/gcc/arm-none-eabi/10.3.1/../../../arm-none-eabi/lib/thumb/v7e-m/nofp/libg_nano.a(lib_a-impure.o)
 .comment       0x0000000000000033       0x34 /usr/lib/gcc/arm-none-eabi/10.3.1/../../../arm-none-eabi/lib/thumb/v7e-m/nofp/libg_nano.a(lib_a-vsnprintf.o)
 .comment       0x0000000000000033       0x34 /usr/lib/gcc/arm-none-eabi/10.3.1/../../../arm-none-eabi/lib/thumb/v7e-m/nofp/libg_nano.a(lib_a-nano-svfprintf.o)
 .comment       0x0000000000000033       0x34 /usr/lib/gcc/arm-none-eabi/10.3.1/../../../arm-none-eabi/lib/thumb/v7e-m/nofp/libg_nano.a(lib_a-nano-vfprintf_i.o)
 .comment       0x0000000000000033       0x34 /usr/lib/gcc/arm-none-eabi/10.3.1/../../../arm-none-eabi/lib/thumb/v7e-m/nofp/libg_nano.a(lib_a-memmove.o)
 .comment       0x0000000000000033       0x34 /usr/lib/gcc/arm-none-eabi/10.3.1/../../../arm-none-eabi/lib/thumb/v7e-m/nofp/libg_nano.a(lib_a-nano-freer.o)
 .comment       0x0000000000000033       0x34 /usr/lib/gcc/arm-none-eabi/10.3.1/../../../arm-none-eabi/lib/thumb/v7e-m/nofp/libg_nano.a(lib_a-nano-mallocr.o)
 .comment       0x0000000000000033       0x34 /usr/lib/gcc/arm-none-eabi/10.3.1/../../../arm-none-eabi/lib/thumb/v7e-m/nofp/libg_nano.a(lib_a-nano-reallocr.o)
 .comment       0x0000000000000033       0x34 /usr/lib/gcc/arm-none-eabi/10.3.1/../../../arm-none-eabi/lib/thumb/v7e-m/nofp/libg_nano.a(lib_a-sbrkr.o)
 .comment       0x0000000000000033       0x34 /usr/lib/gcc/arm-none-eabi/10.3.1/../../../arm-none-eabi/lib/thumb/v7e-m/nofp/libg_nano.a(lib_a-mlock.o)
 .comment       0x0000000000000033       0x34 /usr/lib/gcc/arm-none-eabi/10.3.1/../../../arm-none-eabi/lib/thumb/v7e-m/nofp/libg_nano.a(lib_a-nano-msizer.o)

.ARM.attributes
                0x0000000000000000       0x2c
 .ARM.attributes
                0x0000000000000000       0x2e ./system/src/stm32f4-hal/stm32f4xx_hal.o
 .ARM.attributes
                0x000000000000002e       0x2e ./system/src/stm32f4-hal/stm32f4xx_hal_cortex.o
 .ARM.attributes
                0x000000000000005c       0x2e ./system/src/stm32f4-hal/stm32f4xx_hal_rcc.o
 .ARM.attributes
                0x000000000000008a       0x2e ./system/src/newlib/exit.o
 .ARM.attributes
                0x00000000000000b8       0x2e ./system/src/newlib/sbrk.o
 .ARM.attributes
                0x00000000000000e6       0x2e ./system/src/newlib/startup.o
 .ARM.attributes
                0x0000000000000114       0x2e ./system/src/newlib/syscalls.o
 .ARM.attributes
                0x0000000000000142       0x2e ./system/src/diag/trace-impl.o
 .ARM.attributes
                0x0000000000000170       0x2e ./system/src/diag/trace.o
 .ARM.attributes
                0x000000000000019e       0x2e ./system/src/cortexm/exception-handlers.o
 .ARM.attributes
                0x00000000000001cc       0x2e ./system/src/cortexm/initialize-hardware.o
 .ARM.attributes
                0x00000000000001fa       0x2e ./system/src/cmsis/system_stm32f4xx.o
 .ARM.attributes
                0x0000000000000228       0x2e ./system/src/cmsis/vectors_stm32f411xe.o
 .ARM.attributes
                0x0000000000000256       0x2e ./src/initialize-hardware.o
 .ARM.attributes
                0x0000000000000284       0x2e ./src/main.o
 .ARM.attributes
                0x00000000000002b2       0x2e ./src/stm32f4xx_hal_msp.o
 .ARM.attributes
                0x00000000000002e0       0x1e /usr/lib/gcc/arm-none-eabi/10.3.1/thumb/v7e-m/nofp/libgcc.a(_aeabi_uldivmod.o)
 .ARM.attributes
                0x00000000000002fe       0x2e /usr/lib/gcc/arm-none-eabi/10.3.1/thumb/v7e-m/nofp/libgcc.a(_udivmoddi4.o)
 .ARM.attributes
                0x000000000000032c       0x1e /usr/lib/gcc/arm-none-eabi/10.3.1/thumb/v7e-m/nofp/libgcc.a(_dvmd_tls.o)
 .ARM.attributes
                0x000000000000034a       0x2e /usr/lib/gcc/arm-none-eabi/10.3.1/../../../arm-none-eabi/lib/thumb/v7e-m/nofp/libg_nano.a(lib_a-errno.o)
 .ARM.attributes
                0x0000000000000378       0x2e /usr/lib/gcc/arm-none-eabi/10.3.1/../../../arm-none-eabi/lib/thumb/v7e-m/nofp/libg_nano.a(lib_a-impure.o)
 .ARM.attributes
                0x00000000000003a6       0x2e /usr/lib/gcc/arm-none-eabi/10.3.1/../../../arm-none-eabi/lib/thumb/v7e-m/nofp/libg_nano.a(lib_a-vsnprintf.o)
 .ARM.attributes
                0x00000000000003d4       0x2e /usr/lib/gcc/arm-none-eabi/10.3.1/../../../arm-none-eabi/lib/thumb/v7e-m/nofp/libg_nano.a(lib_a-nano-svfprintf.o)
 .ARM.attributes
                0x0000000000000402       0x2e /usr/lib/gcc/arm-none-eabi/10.3.1/../../../arm-none-eabi/lib/thumb/v7e-m/nofp/libg_nano.a(lib_a-nano-vfprintf_i.o)
 .ARM.attributes
                0x0000000000000430       0x1c /usr/lib/gcc/arm-none-eabi/10.3.1/../../../arm-none-eabi/lib/thumb/v7e-m/nofp/libg_nano.a(lib_a-memchr.o)
 .ARM.attributes
                0x000000000000044c       0x1c /usr/lib/gcc/arm-none-eabi/10.3.1/../../../arm-none-eabi/lib/thumb/v7e-m/nofp/libg_nano.a(lib_a-memcpy.o)
 .ARM.attributes
                0x0000000000000468       0x2e /usr/lib/gcc/arm-none-eabi/10.3.1/../../../arm-none-eabi/lib/thumb/v7e-m/nofp/libg_nano.a(lib_a-memmove.o)
 .ARM.attributes
                0x0000000000000496       0x2e /usr/lib/gcc/arm-none-eabi/10.3.1/../../../arm-none-eabi/lib/thumb/v7e-m/nofp/libg_nano.a(lib_a-nano-freer.o)
 .ARM.attributes
                0x00000000000004c4       0x2e /usr/lib/gcc/arm-none-eabi/10.3.1/../../../arm-none-eabi/lib/thumb/v7e-m/nofp/libg_nano.a(lib_a-nano-mallocr.o)
 .ARM.attributes
                0x00000000000004f2       0x2e /usr/lib/gcc/arm-none-eabi/10.3.1/../../../arm-none-eabi/lib/thumb/v7e-m/nofp/libg_nano.a(lib_a-nano-reallocr.o)
 .ARM.attributes
                0x0000000000000520       0x2e /usr/lib/gcc/arm-none-eabi/10.3.1/../../../arm-none-eabi/lib/thumb/v7e-m/nofp/libg_nano.a(lib_a-sbrkr.o)
 .ARM.attributes
                0x000000000000054e       0x2e /usr/lib/gcc/arm-none-eabi/10.3.1/../../../arm-none-eabi/lib/thumb/v7e-m/nofp/libg_nano.a(lib_a-mlock.o)
 .ARM.attributes
                0x000000000000057c       0x2e /usr/lib/gcc/arm-none-eabi/10.3.1/../../../arm-none-eabi/lib/thumb/v7e-m/nofp/libg_nano.a(lib_a-nano-msizer.o)

.debug
 *(.debug)

.line
 *(.line)

.debug_srcinfo
 *(.debug_srcinfo)

.debug_sfnames
 *(.debug_sfnames)

.debug_aranges  0x0000000000000000      0x6e0
 *(.debug_aranges)
 .debug_aranges
                0x0000000000000000       0xf0 ./system/src/stm32f4-hal/stm32f4xx_hal.o
 .debug_aranges
                0x00000000000000f0       0xa8 ./system/src/stm32f4-hal/stm32f4xx_hal_cortex.o
 .debug_aranges
                0x0000000000000198       0x88 ./system/src/stm32f4-hal/stm32f4xx_hal_rcc.o
 .debug_aranges
                0x0000000000000220       0x28 ./system/src/newlib/exit.o
 .debug_aranges
                0x0000000000000248       0x20 ./system/src/newlib/sbrk.o
 .debug_aranges
                0x0000000000000268       0x40 ./system/src/newlib/startup.o
 .debug_aranges
                0x00000000000002a8       0x30 ./system/src/newlib/syscalls.o
 .debug_aranges
                0x00000000000002d8       0x30 ./system/src/diag/trace-impl.o
 .debug_aranges
                0x0000000000000308       0x38 ./system/src/diag/trace.o
 .debug_aranges
                0x0000000000000340       0x90 ./system/src/cortexm/exception-handlers.o
 .debug_aranges
                0x00000000000003d0       0x28 ./system/src/cortexm/initialize-hardware.o
 .debug_aranges
                0x00000000000003f8       0x28 ./system/src/cmsis/system_stm32f4xx.o
 .debug_aranges
                0x0000000000000420       0x20 ./system/src/cmsis/vectors_stm32f411xe.o
 .debug_aranges
                0x0000000000000440       0x30 ./src/initialize-hardware.o
 .debug_aranges
                0x0000000000000470       0x20 ./src/main.o
 .debug_aranges
                0x0000000000000490       0x38 ./src/stm32f4xx_hal_msp.o
 .debug_aranges
                0x00000000000004c8       0x20 /usr/lib/gcc/arm-none-eabi/10.3.1/thumb/v7e-m/nofp/libgcc.a(_aeabi_uldivmod.o)
 .debug_aranges
                0x00000000000004e8       0x20 /usr/lib/gcc/arm-none-eabi/10.3.1/thumb/v7e-m/nofp/libgcc.a(_udivmoddi4.o)
 .debug_aranges
                0x0000000000000508       0x20 /usr/lib/gcc/arm-none-eabi/10.3.1/thumb/v7e-m/nofp/libgcc.a(_dvmd_tls.o)
 .debug_aranges
                0x0000000000000528       0x20 /usr/lib/gcc/arm-none-eabi/10.3.1/../../../arm-none-eabi/lib/thumb/v7e-m/nofp/libg_nano.a(lib_a-errno.o)
 .debug_aranges
                0x0000000000000548       0x18 /usr/lib/gcc/arm-none-eabi/10.3.1/../../../arm-none-eabi/lib/thumb/v7e-m/nofp/libg_nano.a(lib_a-impure.o)
 .debug_aranges
                0x0000000000000560       0x20 /usr/lib/gcc/arm-none-eabi/10.3.1/../../../arm-none-eabi/lib/thumb/v7e-m/nofp/libg_nano.a(lib_a-vsnprintf.o)
 .debug_aranges
                0x0000000000000580       0x20 /usr/lib/gcc/arm-none-eabi/10.3.1/../../../arm-none-eabi/lib/thumb/v7e-m/nofp/libg_nano.a(lib_a-nano-svfprintf.o)
 .debug_aranges
                0x00000000000005a0       0x20 /usr/lib/gcc/arm-none-eabi/10.3.1/../../../arm-none-eabi/lib/thumb/v7e-m/nofp/libg_nano.a(lib_a-nano-vfprintf_i.o)
 .debug_aranges
                0x00000000000005c0       0x20 /usr/lib/gcc/arm-none-eabi/10.3.1/../../../arm-none-eabi/lib/thumb/v7e-m/nofp/libg_nano.a(lib_a-memchr.o)
 .debug_aranges
                0x00000000000005e0       0x20 /usr/lib/gcc/arm-none-eabi/10.3.1/../../../arm-none-eabi/lib/thumb/v7e-m/nofp/libg_nano.a(lib_a-memcpy.o)
 .debug_aranges
                0x0000000000000600       0x20 /usr/lib/gcc/arm-none-eabi/10.3.1/../../../arm-none-eabi/lib/thumb/v7e-m/nofp/libg_nano.a(lib_a-memmove.o)
 .debug_aranges
                0x0000000000000620       0x20 /usr/lib/gcc/arm-none-eabi/10.3.1/../../../arm-none-eabi/lib/thumb/v7e-m/nofp/libg_nano.a(lib_a-nano-freer.o)
 .debug_aranges
                0x0000000000000640       0x20 /usr/lib/gcc/arm-none-eabi/10.3.1/../../../arm-none-eabi/lib/thumb/v7e-m/nofp/libg_nano.a(lib_a-nano-mallocr.o)
 .debug_aranges
                0x0000000000000660       0x20 /usr/lib/gcc/arm-none-eabi/10.3.1/../../../arm-none-eabi/lib/thumb/v7e-m/nofp/libg_nano.a(lib_a-nano-reallocr.o)
 .debug_aranges
                0x0000000000000680       0x20 /usr/lib/gcc/arm-none-eabi/10.3.1/../../../arm-none-eabi/lib/thumb/v7e-m/nofp/libg_nano.a(lib_a-sbrkr.o)
 .debug_aranges
                0x00000000000006a0       0x20 /usr/lib/gcc/arm-none-eabi/10.3.1/../../../arm-none-eabi/lib/thumb/v7e-m/nofp/libg_nano.a(lib_a-mlock.o)
 .debug_aranges
                0x00000000000006c0       0x20 /usr/lib/gcc/arm-none-eabi/10.3.1/../../../arm-none-eabi/lib/thumb/v7e-m/nofp/libg_nano.a(lib_a-nano-msizer.o)

.debug_pubnames
 *(.debug_pubnames)

.debug_info     0x0000000000000000     0xd220
 *(.debug_info .gnu.linkonce.wi.*)
 .debug_info    0x0000000000000000      0x9b1 ./system/src/stm32f4-hal/stm32f4xx_hal.o
 .debug_info    0x00000000000009b1     0x1280 ./system/src/stm32f4-hal/stm32f4xx_hal_cortex.o
 .debug_info    0x0000000000001c31      0xd9a ./system/src/stm32f4-hal/stm32f4xx_hal_rcc.o
 .debug_info    0x00000000000029cb       0xf2 ./system/src/newlib/exit.o
 .debug_info    0x0000000000002abd      0x112 ./system/src/newlib/sbrk.o
 .debug_info    0x0000000000002bcf      0x573 ./system/src/newlib/startup.o
 .debug_info    0x0000000000003142      0x1d5 ./system/src/newlib/syscalls.o
 .debug_info    0x0000000000003317      0x320 ./system/src/diag/trace-impl.o
 .debug_info    0x0000000000003637      0x30b ./system/src/diag/trace.o
 .debug_info    0x0000000000003942      0x983 ./system/src/cortexm/exception-handlers.o
 .debug_info    0x00000000000042c5      0x2b3 ./system/src/cortexm/initialize-hardware.o
 .debug_info    0x0000000000004578      0x550 ./system/src/cmsis/system_stm32f4xx.o
 .debug_info    0x0000000000004ac8       0xce ./system/src/cmsis/vectors_stm32f411xe.o
 .debug_info    0x0000000000004b96      0x5b1 ./src/initialize-hardware.o
 .debug_info    0x0000000000005147      0x910 ./src/main.o
 .debug_info    0x0000000000005a57       0xbf ./src/stm32f4xx_hal_msp.o
 .debug_info    0x0000000000005b16       0x26 /usr/lib/gcc/arm-none-eabi/10.3.1/thumb/v7e-m/nofp/libgcc.a(_aeabi_uldivmod.o)
 .debug_info    0x0000000000005b3c      0x717 /usr/lib/gcc/arm-none-eabi/10.3.1/thumb/v7e-m/nofp/libgcc.a(_udivmoddi4.o)
 .debug_info    0x0000000000006253       0x26 /usr/lib/gcc/arm-none-eabi/10.3.1/thumb/v7e-m/nofp/libgcc.a(_dvmd_tls.o)
 .debug_info    0x0000000000006279      0x7ae /usr/lib/gcc/arm-none-eabi/10.3.1/../../../arm-none-eabi/lib/thumb/v7e-m/nofp/libg_nano.a(lib_a-errno.o)
 .debug_info    0x0000000000006a27      0x863 /usr/lib/gcc/arm-none-eabi/10.3.1/../../../arm-none-eabi/lib/thumb/v7e-m/nofp/libg_nano.a(lib_a-impure.o)
 .debug_info    0x000000000000728a      0x9f9 /usr/lib/gcc/arm-none-eabi/10.3.1/../../../arm-none-eabi/lib/thumb/v7e-m/nofp/libg_nano.a(lib_a-vsnprintf.o)
 .debug_info    0x0000000000007c83     0x10d5 /usr/lib/gcc/arm-none-eabi/10.3.1/../../../arm-none-eabi/lib/thumb/v7e-m/nofp/libg_nano.a(lib_a-nano-svfprintf.o)
 .debug_info    0x0000000000008d58      0xe9e /usr/lib/gcc/arm-none-eabi/10.3.1/../../../arm-none-eabi/lib/thumb/v7e-m/nofp/libg_nano.a(lib_a-nano-vfprintf_i.o)
 .debug_info    0x0000000000009bf6       0x26 /usr/lib/gcc/arm-none-eabi/10.3.1/../../../arm-none-eabi/lib/thumb/v7e-m/nofp/libg_nano.a(lib_a-memchr.o)
 .debug_info    0x0000000000009c1c       0x26 /usr/lib/gcc/arm-none-eabi/10.3.1/../../../arm-none-eabi/lib/thumb/v7e-m/nofp/libg_nano.a(lib_a-memcpy.o)
 .debug_info    0x0000000000009c42      0x152 /usr/lib/gcc/arm-none-eabi/10.3.1/../../../arm-none-eabi/lib/thumb/v7e-m/nofp/libg_nano.a(lib_a-memmove.o)
 .debug_info    0x0000000000009d94      0x92b /usr/lib/gcc/arm-none-eabi/10.3.1/../../../arm-none-eabi/lib/thumb/v7e-m/nofp/libg_nano.a(lib_a-nano-freer.o)
 .debug_info    0x000000000000a6bf      0xa0c /usr/lib/gcc/arm-none-eabi/10.3.1/../../../arm-none-eabi/lib/thumb/v7e-m/nofp/libg_nano.a(lib_a-nano-mallocr.o)
 .debug_info    0x000000000000b0cb      0x911 /usr/lib/gcc/arm-none-eabi/10.3.1/../../../arm-none-eabi/lib/thumb/v7e-m/nofp/libg_nano.a(lib_a-nano-reallocr.o)
 .debug_info    0x000000000000b9dc      0x828 /usr/lib/gcc/arm-none-eabi/10.3.1/../../../arm-none-eabi/lib/thumb/v7e-m/nofp/libg_nano.a(lib_a-sbrkr.o)
 .debug_info    0x000000000000c204      0x7dc /usr/lib/gcc/arm-none-eabi/10.3.1/../../../arm-none-eabi/lib/thumb/v7e-m/nofp/libg_nano.a(lib_a-mlock.o)
 .debug_info    0x000000000000c9e0      0x840 /usr/lib/gcc/arm-none-eabi/10.3.1/../../../arm-none-eabi/lib/thumb/v7e-m/nofp/libg_nano.a(lib_a-nano-msizer.o)

.debug_abbrev   0x0000000000000000     0x3125
 *(.debug_abbrev)
 .debug_abbrev  0x0000000000000000      0x23a ./system/src/stm32f4-hal/stm32f4xx_hal.o
 .debug_abbrev  0x000000000000023a      0x38a ./system/src/stm32f4-hal/stm32f4xx_hal_cortex.o
 .debug_abbrev  0x00000000000005c4      0x2a0 ./system/src/stm32f4-hal/stm32f4xx_hal_rcc.o
 .debug_abbrev  0x0000000000000864       0x97 ./system/src/newlib/exit.o
 .debug_abbrev  0x00000000000008fb       0xcd ./system/src/newlib/sbrk.o
 .debug_abbrev  0x00000000000009c8      0x1fa ./system/src/newlib/startup.o
 .debug_abbrev  0x0000000000000bc2      0x10e ./system/src/newlib/syscalls.o
 .debug_abbrev  0x0000000000000cd0      0x1eb ./system/src/diag/trace-impl.o
 .debug_abbrev  0x0000000000000ebb      0x173 ./system/src/diag/trace.o
 .debug_abbrev  0x000000000000102e      0x267 ./system/src/cortexm/exception-handlers.o
 .debug_abbrev  0x0000000000001295       0xe9 ./system/src/cortexm/initialize-hardware.o
 .debug_abbrev  0x000000000000137e      0x11c ./system/src/cmsis/system_stm32f4xx.o
 .debug_abbrev  0x000000000000149a       0xa5 ./system/src/cmsis/vectors_stm32f411xe.o
 .debug_abbrev  0x000000000000153f      0x170 ./src/initialize-hardware.o
 .debug_abbrev  0x00000000000016af      0x1d6 ./src/main.o
 .debug_abbrev  0x0000000000001885       0x47 ./src/stm32f4xx_hal_msp.o
 .debug_abbrev  0x00000000000018cc       0x14 /usr/lib/gcc/arm-none-eabi/10.3.1/thumb/v7e-m/nofp/libgcc.a(_aeabi_uldivmod.o)
 .debug_abbrev  0x00000000000018e0      0x163 /usr/lib/gcc/arm-none-eabi/10.3.1/thumb/v7e-m/nofp/libgcc.a(_udivmoddi4.o)
 .debug_abbrev  0x0000000000001a43       0x14 /usr/lib/gcc/arm-none-eabi/10.3.1/thumb/v7e-m/nofp/libgcc.a(_dvmd_tls.o)
 .debug_abbrev  0x0000000000001a57      0x157 /usr/lib/gcc/arm-none-eabi/10.3.1/../../../arm-none-eabi/lib/thumb/v7e-m/nofp/libg_nano.a(lib_a-errno.o)
 .debug_abbrev  0x0000000000001bae      0x151 /usr/lib/gcc/arm-none-eabi/10.3.1/../../../arm-none-eabi/lib/thumb/v7e-m/nofp/libg_nano.a(lib_a-impure.o)
 .debug_abbrev  0x0000000000001cff      0x27d /usr/lib/gcc/arm-none-eabi/10.3.1/../../../arm-none-eabi/lib/thumb/v7e-m/nofp/libg_nano.a(lib_a-vsnprintf.o)
 .debug_abbrev  0x0000000000001f7c      0x2ca /usr/lib/gcc/arm-none-eabi/10.3.1/../../../arm-none-eabi/lib/thumb/v7e-m/nofp/libg_nano.a(lib_a-nano-svfprintf.o)
 .debug_abbrev  0x0000000000002246      0x25c /usr/lib/gcc/arm-none-eabi/10.3.1/../../../arm-none-eabi/lib/thumb/v7e-m/nofp/libg_nano.a(lib_a-nano-vfprintf_i.o)
 .debug_abbrev  0x00000000000024a2       0x14 /usr/lib/gcc/arm-none-eabi/10.3.1/../../../arm-none-eabi/lib/thumb/v7e-m/nofp/libg_nano.a(lib_a-memchr.o)
 .debug_abbrev  0x00000000000024b6       0x14 /usr/lib/gcc/arm-none-eabi/10.3.1/../../../arm-none-eabi/lib/thumb/v7e-m/nofp/libg_nano.a(lib_a-memcpy.o)
 .debug_abbrev  0x00000000000024ca       0xc0 /usr/lib/gcc/arm-none-eabi/10.3.1/../../../arm-none-eabi/lib/thumb/v7e-m/nofp/libg_nano.a(lib_a-memmove.o)
 .debug_abbrev  0x000000000000258a      0x245 /usr/lib/gcc/arm-none-eabi/10.3.1/../../../arm-none-eabi/lib/thumb/v7e-m/nofp/libg_nano.a(lib_a-nano-freer.o)
 .debug_abbrev  0x00000000000027cf      0x290 /usr/lib/gcc/arm-none-eabi/10.3.1/../../../arm-none-eabi/lib/thumb/v7e-m/nofp/libg_nano.a(lib_a-nano-mallocr.o)
 .debug_abbrev  0x0000000000002a5f      0x1d6 /usr/lib/gcc/arm-none-eabi/10.3.1/../../../arm-none-eabi/lib/thumb/v7e-m/nofp/libg_nano.a(lib_a-nano-reallocr.o)
 .debug_abbrev  0x0000000000002c35      0x1d6 /usr/lib/gcc/arm-none-eabi/10.3.1/../../../arm-none-eabi/lib/thumb/v7e-m/nofp/libg_nano.a(lib_a-sbrkr.o)
 .debug_abbrev  0x0000000000002e0b      0x189 /usr/lib/gcc/arm-none-eabi/10.3.1/../../../arm-none-eabi/lib/thumb/v7e-m/nofp/libg_nano.a(lib_a-mlock.o)
 .debug_abbrev  0x0000000000002f94      0x191 /usr/lib/gcc/arm-none-eabi/10.3.1/../../../arm-none-eabi/lib/thumb/v7e-m/nofp/libg_nano.a(lib_a-nano-msizer.o)

.debug_line     0x0000000000000000     0xa415
 *(.debug_line)
 .debug_line    0x0000000000000000      0xb2c ./system/src/stm32f4-hal/stm32f4xx_hal.o
 .debug_line    0x0000000000000b2c      0xe74 ./system/src/stm32f4-hal/stm32f4xx_hal_cortex.o
 .debug_line    0x00000000000019a0     0x1210 ./system/src/stm32f4-hal/stm32f4xx_hal_rcc.o
 .debug_line    0x0000000000002bb0      0x290 ./system/src/newlib/exit.o
 .debug_line    0x0000000000002e40      0x27a ./system/src/newlib/sbrk.o
 .debug_line    0x00000000000030ba      0x556 ./system/src/newlib/startup.o
 .debug_line    0x0000000000003610      0x32f ./system/src/newlib/syscalls.o
 .debug_line    0x000000000000393f      0xa6a ./system/src/diag/trace-impl.o
 .debug_line    0x00000000000043a9      0x36d ./system/src/diag/trace.o
 .debug_line    0x0000000000004716      0xc9e ./system/src/cortexm/exception-handlers.o
 .debug_line    0x00000000000053b4      0x7f4 ./system/src/cortexm/initialize-hardware.o
 .debug_line    0x0000000000005ba8      0x886 ./system/src/cmsis/system_stm32f4xx.o
 .debug_line    0x000000000000642e       0xd8 ./system/src/cmsis/vectors_stm32f411xe.o
 .debug_line    0x0000000000006506      0xa2f ./src/initialize-hardware.o
 .debug_line    0x0000000000006f35      0x330 ./src/main.o
 .debug_line    0x0000000000007265      0x7e4 ./src/stm32f4xx_hal_msp.o
 .debug_line    0x0000000000007a49       0x60 /usr/lib/gcc/arm-none-eabi/10.3.1/thumb/v7e-m/nofp/libgcc.a(_aeabi_uldivmod.o)
 .debug_line    0x0000000000007aa9      0x5b4 /usr/lib/gcc/arm-none-eabi/10.3.1/thumb/v7e-m/nofp/libgcc.a(_udivmoddi4.o)
 .debug_line    0x000000000000805d       0x60 /usr/lib/gcc/arm-none-eabi/10.3.1/thumb/v7e-m/nofp/libgcc.a(_dvmd_tls.o)
 .debug_line    0x00000000000080bd      0x109 /usr/lib/gcc/arm-none-eabi/10.3.1/../../../arm-none-eabi/lib/thumb/v7e-m/nofp/libg_nano.a(lib_a-errno.o)
 .debug_line    0x00000000000081c6       0xe4 /usr/lib/gcc/arm-none-eabi/10.3.1/../../../arm-none-eabi/lib/thumb/v7e-m/nofp/libg_nano.a(lib_a-impure.o)
 .debug_line    0x00000000000082aa      0x320 /usr/lib/gcc/arm-none-eabi/10.3.1/../../../arm-none-eabi/lib/thumb/v7e-m/nofp/libg_nano.a(lib_a-vsnprintf.o)
 .debug_line    0x00000000000085ca      0x835 /usr/lib/gcc/arm-none-eabi/10.3.1/../../../arm-none-eabi/lib/thumb/v7e-m/nofp/libg_nano.a(lib_a-nano-svfprintf.o)
 .debug_line    0x0000000000008dff      0x750 /usr/lib/gcc/arm-none-eabi/10.3.1/../../../arm-none-eabi/lib/thumb/v7e-m/nofp/libg_nano.a(lib_a-nano-vfprintf_i.o)
 .debug_line    0x000000000000954f       0xa4 /usr/lib/gcc/arm-none-eabi/10.3.1/../../../arm-none-eabi/lib/thumb/v7e-m/nofp/libg_nano.a(lib_a-memchr.o)
 .debug_line    0x00000000000095f3       0xbe /usr/lib/gcc/arm-none-eabi/10.3.1/../../../arm-none-eabi/lib/thumb/v7e-m/nofp/libg_nano.a(lib_a-memcpy.o)
 .debug_line    0x00000000000096b1      0x1ee /usr/lib/gcc/arm-none-eabi/10.3.1/../../../arm-none-eabi/lib/thumb/v7e-m/nofp/libg_nano.a(lib_a-memmove.o)
 .debug_line    0x000000000000989f      0x2c0 /usr/lib/gcc/arm-none-eabi/10.3.1/../../../arm-none-eabi/lib/thumb/v7e-m/nofp/libg_nano.a(lib_a-nano-freer.o)
 .debug_line    0x0000000000009b5f      0x2d0 /usr/lib/gcc/arm-none-eabi/10.3.1/../../../arm-none-eabi/lib/thumb/v7e-m/nofp/libg_nano.a(lib_a-nano-mallocr.o)
 .debug_line    0x0000000000009e2f      0x1c5 /usr/lib/gcc/arm-none-eabi/10.3.1/../../../arm-none-eabi/lib/thumb/v7e-m/nofp/libg_nano.a(lib_a-nano-reallocr.o)
 .debug_line    0x0000000000009ff4      0x183 /usr/lib/gcc/arm-none-eabi/10.3.1/../../../arm-none-eabi/lib/thumb/v7e-m/nofp/libg_nano.a(lib_a-sbrkr.o)
 .debug_line    0x000000000000a177      0x13e /usr/lib/gcc/arm-none-eabi/10.3.1/../../../arm-none-eabi/lib/thumb/v7e-m/nofp/libg_nano.a(lib_a-mlock.o)
 .debug_line    0x000000000000a2b5      0x160 /usr/lib/gcc/arm-none-eabi/10.3.1/../../../arm-none-eabi/lib/thumb/v7e-m/nofp/libg_nano.a(lib_a-nano-msizer.o)

.debug_frame    0x0000000000000000      0xd34
 *(.debug_frame)
 .debug_frame   0x0000000000000000      0x1f0 ./system/src/stm32f4-hal/stm32f4xx_hal.o
 .debug_frame   0x00000000000001f0      0x19c ./system/src/stm32f4-hal/stm32f4xx_hal_cortex.o
 .debug_frame   0x000000000000038c      0x16c ./system/src/stm32f4-hal/stm32f4xx_hal_rcc.o
 .debug_frame   0x00000000000004f8       0x38 ./system/src/newlib/exit.o
 .debug_frame   0x0000000000000530       0x28 ./system/src/newlib/sbrk.o
 .debug_frame   0x0000000000000558       0x7c ./system/src/newlib/startup.o
 .debug_frame   0x00000000000005d4       0x50 ./system/src/newlib/syscalls.o
 .debug_frame   0x0000000000000624       0x64 ./system/src/diag/trace-impl.o
 .debug_frame   0x0000000000000688       0x94 ./system/src/diag/trace.o
 .debug_frame   0x000000000000071c      0x158 ./system/src/cortexm/exception-handlers.o
 .debug_frame   0x0000000000000874       0x40 ./system/src/cortexm/initialize-hardware.o
 .debug_frame   0x00000000000008b4       0x30 ./system/src/cmsis/system_stm32f4xx.o
 .debug_frame   0x00000000000008e4       0x20 ./system/src/cmsis/vectors_stm32f411xe.o
 .debug_frame   0x0000000000000904       0x64 ./src/initialize-hardware.o
 .debug_frame   0x0000000000000968       0x20 ./src/main.o
 .debug_frame   0x0000000000000988       0x50 ./src/stm32f4xx_hal_msp.o
 .debug_frame   0x00000000000009d8       0x2c /usr/lib/gcc/arm-none-eabi/10.3.1/thumb/v7e-m/nofp/libgcc.a(_aeabi_uldivmod.o)
 .debug_frame   0x0000000000000a04       0x34 /usr/lib/gcc/arm-none-eabi/10.3.1/thumb/v7e-m/nofp/libgcc.a(_udivmoddi4.o)
 .debug_frame   0x0000000000000a38       0x20 /usr/lib/gcc/arm-none-eabi/10.3.1/../../../arm-none-eabi/lib/thumb/v7e-m/nofp/libg_nano.a(lib_a-errno.o)
 .debug_frame   0x0000000000000a58       0x60 /usr/lib/gcc/arm-none-eabi/10.3.1/../../../arm-none-eabi/lib/thumb/v7e-m/nofp/libg_nano.a(lib_a-vsnprintf.o)
 .debug_frame   0x0000000000000ab8       0x98 /usr/lib/gcc/arm-none-eabi/10.3.1/../../../arm-none-eabi/lib/thumb/v7e-m/nofp/libg_nano.a(lib_a-nano-svfprintf.o)
 .debug_frame   0x0000000000000b50       0x68 /usr/lib/gcc/arm-none-eabi/10.3.1/../../../arm-none-eabi/lib/thumb/v7e-m/nofp/libg_nano.a(lib_a-nano-vfprintf_i.o)
 .debug_frame   0x0000000000000bb8       0x40 /usr/lib/gcc/arm-none-eabi/10.3.1/../../../arm-none-eabi/lib/thumb/v7e-m/nofp/libg_nano.a(lib_a-memmove.o)
 .debug_frame   0x0000000000000bf8       0x58 /usr/lib/gcc/arm-none-eabi/10.3.1/../../../arm-none-eabi/lib/thumb/v7e-m/nofp/libg_nano.a(lib_a-nano-freer.o)
 .debug_frame   0x0000000000000c50       0x30 /usr/lib/gcc/arm-none-eabi/10.3.1/../../../arm-none-eabi/lib/thumb/v7e-m/nofp/libg_nano.a(lib_a-nano-mallocr.o)
 .debug_frame   0x0000000000000c80       0x38 /usr/lib/gcc/arm-none-eabi/10.3.1/../../../arm-none-eabi/lib/thumb/v7e-m/nofp/libg_nano.a(lib_a-nano-reallocr.o)
 .debug_frame   0x0000000000000cb8       0x2c /usr/lib/gcc/arm-none-eabi/10.3.1/../../../arm-none-eabi/lib/thumb/v7e-m/nofp/libg_nano.a(lib_a-sbrkr.o)
 .debug_frame   0x0000000000000ce4       0x30 /usr/lib/gcc/arm-none-eabi/10.3.1/../../../arm-none-eabi/lib/thumb/v7e-m/nofp/libg_nano.a(lib_a-mlock.o)
 .debug_frame   0x0000000000000d14       0x20 /usr/lib/gcc/arm-none-eabi/10.3.1/../../../arm-none-eabi/lib/thumb/v7e-m/nofp/libg_nano.a(lib_a-nano-msizer.o)

.debug_str      0x0000000000000000    0xacb22
 *(.debug_str)
 .debug_str     0x0000000000000000    0xa13d7 ./system/src/stm32f4-hal/stm32f4xx_hal.o
                                      0xa1745 (size before relaxing)
 .debug_str     0x00000000000a13d7      0x3b1 ./system/src/stm32f4-hal/stm32f4xx_hal_cortex.o
                                      0xa145d (size before relaxing)
 .debug_str     0x00000000000a1788      0x41d ./system/src/stm32f4-hal/stm32f4xx_hal_rcc.o
                                      0xa1140 (size before relaxing)
 .debug_str     0x00000000000a1ba5     0x4471 ./system/src/newlib/exit.o
                                       0x759c (size before relaxing)
 .debug_str     0x00000000000a6016      0x4dd ./system/src/newlib/sbrk.o
                                       0x697d (size before relaxing)
 .debug_str     0x00000000000a64f3      0x2c0 ./system/src/newlib/startup.o
                                       0x6319 (size before relaxing)
 .debug_str     0x00000000000a67b3     0x1363 ./system/src/newlib/syscalls.o
                                       0x7d27 (size before relaxing)
 .debug_str     0x00000000000a7b16      0x387 ./system/src/diag/trace-impl.o
                                      0xa43d8 (size before relaxing)
 .debug_str     0x00000000000a7e9d      0x81a ./system/src/diag/trace.o
                                       0x7d23 (size before relaxing)
 .debug_str     0x00000000000a86b7      0x19d ./system/src/cortexm/exception-handlers.o
                                      0xa5412 (size before relaxing)
 .debug_str     0x00000000000a8854       0x5d ./system/src/cortexm/initialize-hardware.o
                                      0xa0c2a (size before relaxing)
 .debug_str     0x00000000000a88b1       0x46 ./system/src/cmsis/system_stm32f4xx.o
                                      0xa0d2a (size before relaxing)
 .debug_str     0x00000000000a88f7       0x59 ./system/src/cmsis/vectors_stm32f411xe.o
                                       0x3837 (size before relaxing)
 .debug_str     0x00000000000a8950       0x30 ./src/initialize-hardware.o
                                      0xa436f (size before relaxing)
 .debug_str     0x00000000000a8980     0x2f04 ./src/main.o
                                       0x9e42 (size before relaxing)
 .debug_str     0x00000000000ab884       0x3d ./src/stm32f4xx_hal_msp.o
                                      0xa0b6a (size before relaxing)
 .debug_str     0x00000000000ab8c1       0xa3 /usr/lib/gcc/arm-none-eabi/10.3.1/thumb/v7e-m/nofp/libgcc.a(_aeabi_uldivmod.o)
 .debug_str     0x00000000000ab964      0x541 /usr/lib/gcc/arm-none-eabi/10.3.1/thumb/v7e-m/nofp/libgcc.a(_udivmoddi4.o)
                                        0x641 (size before relaxing)
 .debug_str     0x00000000000abea5       0x30 /usr/lib/gcc/arm-none-eabi/10.3.1/thumb/v7e-m/nofp/libgcc.a(_dvmd_tls.o)
                                         0xa7 (size before relaxing)
 .debug_str     0x00000000000abed5      0x3f9 /usr/lib/gcc/arm-none-eabi/10.3.1/../../../arm-none-eabi/lib/thumb/v7e-m/nofp/libg_nano.a(lib_a-errno.o)
                                        0x501 (size before relaxing)
 .debug_str     0x00000000000ac2ce       0xdc /usr/lib/gcc/arm-none-eabi/10.3.1/../../../arm-none-eabi/lib/thumb/v7e-m/nofp/libg_nano.a(lib_a-impure.o)
                                        0x558 (size before relaxing)
 .debug_str     0x00000000000ac3aa       0xae /usr/lib/gcc/arm-none-eabi/10.3.1/../../../arm-none-eabi/lib/thumb/v7e-m/nofp/libg_nano.a(lib_a-vsnprintf.o)
                                        0x558 (size before relaxing)
 .debug_str     0x00000000000ac458      0x285 /usr/lib/gcc/arm-none-eabi/10.3.1/../../../arm-none-eabi/lib/thumb/v7e-m/nofp/libg_nano.a(lib_a-nano-svfprintf.o)
                                        0x84f (size before relaxing)
 .debug_str     0x00000000000ac6dd       0x94 /usr/lib/gcc/arm-none-eabi/10.3.1/../../../arm-none-eabi/lib/thumb/v7e-m/nofp/libg_nano.a(lib_a-nano-vfprintf_i.o)
                                        0x7e6 (size before relaxing)
 .debug_str     0x00000000000ac771       0xa0 /usr/lib/gcc/arm-none-eabi/10.3.1/../../../arm-none-eabi/lib/thumb/v7e-m/nofp/libg_nano.a(lib_a-memchr.o)
                                         0xac (size before relaxing)
 .debug_str     0x00000000000ac811       0x43 /usr/lib/gcc/arm-none-eabi/10.3.1/../../../arm-none-eabi/lib/thumb/v7e-m/nofp/libg_nano.a(lib_a-memcpy.o)
                                         0xb3 (size before relaxing)
 .debug_str     0x00000000000ac854       0xc5 /usr/lib/gcc/arm-none-eabi/10.3.1/../../../arm-none-eabi/lib/thumb/v7e-m/nofp/libg_nano.a(lib_a-memmove.o)
                                        0x1d9 (size before relaxing)
 .debug_str     0x00000000000ac919      0x113 /usr/lib/gcc/arm-none-eabi/10.3.1/../../../arm-none-eabi/lib/thumb/v7e-m/nofp/libg_nano.a(lib_a-nano-freer.o)
                                        0x58f (size before relaxing)
 .debug_str     0x00000000000aca2c       0x46 /usr/lib/gcc/arm-none-eabi/10.3.1/../../../arm-none-eabi/lib/thumb/v7e-m/nofp/libg_nano.a(lib_a-nano-mallocr.o)
                                        0x5ba (size before relaxing)
 .debug_str     0x00000000000aca72       0x23 /usr/lib/gcc/arm-none-eabi/10.3.1/../../../arm-none-eabi/lib/thumb/v7e-m/nofp/libg_nano.a(lib_a-nano-reallocr.o)
                                        0x579 (size before relaxing)
 .debug_str     0x00000000000aca95       0x32 /usr/lib/gcc/arm-none-eabi/10.3.1/../../../arm-none-eabi/lib/thumb/v7e-m/nofp/libg_nano.a(lib_a-sbrkr.o)
                                        0x510 (size before relaxing)
 .debug_str     0x00000000000acac7       0x4c /usr/lib/gcc/arm-none-eabi/10.3.1/../../../arm-none-eabi/lib/thumb/v7e-m/nofp/libg_nano.a(lib_a-mlock.o)
                                        0x526 (size before relaxing)
 .debug_str     0x00000000000acb13        0xf /usr/lib/gcc/arm-none-eabi/10.3.1/../../../arm-none-eabi/lib/thumb/v7e-m/nofp/libg_nano.a(lib_a-nano-msizer.o)
                                        0x557 (size before relaxing)

.debug_loc      0x0000000000000000     0x4ca8
 *(.debug_loc)
 .debug_loc     0x0000000000000000      0x130 ./system/src/stm32f4-hal/stm32f4xx_hal.o
 .debug_loc     0x0000000000000130      0x92e ./system/src/stm32f4-hal/stm32f4xx_hal_cortex.o
 .debug_loc     0x0000000000000a5e      0x56f ./system/src/stm32f4-hal/stm32f4xx_hal_rcc.o
 .debug_loc     0x0000000000000fcd       0x15 ./system/src/newlib/exit.o
 .debug_loc     0x0000000000000fe2       0x97 ./system/src/newlib/sbrk.o
 .debug_loc     0x0000000000001079      0x49b ./system/src/newlib/startup.o
 .debug_loc     0x0000000000001514       0x6f ./system/src/newlib/syscalls.o
 .debug_loc     0x0000000000001583      0x1a3 ./system/src/diag/trace-impl.o
 .debug_loc     0x0000000000001726      0x118 ./system/src/diag/trace.o
 .debug_loc     0x000000000000183e      0x35c ./system/src/cortexm/exception-handlers.o
 .debug_loc     0x0000000000001b9a      0x158 ./system/src/cmsis/system_stm32f4xx.o
 .debug_loc     0x0000000000001cf2       0x64 ./src/initialize-hardware.o
 .debug_loc     0x0000000000001d56       0x2a ./src/main.o
 .debug_loc     0x0000000000001d80     0x1094 /usr/lib/gcc/arm-none-eabi/10.3.1/thumb/v7e-m/nofp/libgcc.a(_udivmoddi4.o)
 .debug_loc     0x0000000000002e14      0x407 /usr/lib/gcc/arm-none-eabi/10.3.1/../../../arm-none-eabi/lib/thumb/v7e-m/nofp/libg_nano.a(lib_a-vsnprintf.o)
 .debug_loc     0x000000000000321b      0x83b /usr/lib/gcc/arm-none-eabi/10.3.1/../../../arm-none-eabi/lib/thumb/v7e-m/nofp/libg_nano.a(lib_a-nano-svfprintf.o)
 .debug_loc     0x0000000000003a56      0x6d7 /usr/lib/gcc/arm-none-eabi/10.3.1/../../../arm-none-eabi/lib/thumb/v7e-m/nofp/libg_nano.a(lib_a-nano-vfprintf_i.o)
 .debug_loc     0x000000000000412d      0x34f /usr/lib/gcc/arm-none-eabi/10.3.1/../../../arm-none-eabi/lib/thumb/v7e-m/nofp/libg_nano.a(lib_a-memmove.o)
 .debug_loc     0x000000000000447c      0x23a /usr/lib/gcc/arm-none-eabi/10.3.1/../../../arm-none-eabi/lib/thumb/v7e-m/nofp/libg_nano.a(lib_a-nano-freer.o)
 .debug_loc     0x00000000000046b6      0x3cd /usr/lib/gcc/arm-none-eabi/10.3.1/../../../arm-none-eabi/lib/thumb/v7e-m/nofp/libg_nano.a(lib_a-nano-mallocr.o)
 .debug_loc     0x0000000000004a83      0x133 /usr/lib/gcc/arm-none-eabi/10.3.1/../../../arm-none-eabi/lib/thumb/v7e-m/nofp/libg_nano.a(lib_a-nano-reallocr.o)
 .debug_loc     0x0000000000004bb6       0x6c /usr/lib/gcc/arm-none-eabi/10.3.1/../../../arm-none-eabi/lib/thumb/v7e-m/nofp/libg_nano.a(lib_a-sbrkr.o)
 .debug_loc     0x0000000000004c22       0x86 /usr/lib/gcc/arm-none-eabi/10.3.1/../../../arm-none-eabi/lib/thumb/v7e-m/nofp/libg_nano.a(lib_a-nano-msizer.o)

.debug_macinfo
 *(.debug_macinfo)

.debug_weaknames
 *(.debug_weaknames)

.debug_funcnames
 *(.debug_funcnames)

.debug_typenames
 *(.debug_typenames)

.debug_varnames
 *(.debug_varnames)
OUTPUT(SimpleLed.elf elf32-littlearm)
LOAD linker stubs

.debug_ranges   0x0000000000000000      0x730
 .debug_ranges  0x0000000000000000       0xe0 ./system/src/stm32f4-hal/stm32f4xx_hal.o
 .debug_ranges  0x00000000000000e0      0x128 ./system/src/stm32f4-hal/stm32f4xx_hal_cortex.o
 .debug_ranges  0x0000000000000208       0x90 ./system/src/stm32f4-hal/stm32f4xx_hal_rcc.o
 .debug_ranges  0x0000000000000298       0x18 ./system/src/newlib/exit.o
 .debug_ranges  0x00000000000002b0       0x10 ./system/src/newlib/sbrk.o
 .debug_ranges  0x00000000000002c0       0x78 ./system/src/newlib/startup.o
 .debug_ranges  0x0000000000000338       0x20 ./system/src/newlib/syscalls.o
 .debug_ranges  0x0000000000000358       0x38 ./system/src/diag/trace-impl.o
 .debug_ranges  0x0000000000000390       0x28 ./system/src/diag/trace.o
 .debug_ranges  0x00000000000003b8       0x98 ./system/src/cortexm/exception-handlers.o
 .debug_ranges  0x0000000000000450       0x18 ./system/src/cortexm/initialize-hardware.o
 .debug_ranges  0x0000000000000468       0x18 ./system/src/cmsis/system_stm32f4xx.o
 .debug_ranges  0x0000000000000480       0x10 ./system/src/cmsis/vectors_stm32f411xe.o
 .debug_ranges  0x0000000000000490       0x20 ./src/initialize-hardware.o
 .debug_ranges  0x00000000000004b0       0x10 ./src/main.o
 .debug_ranges  0x00000000000004c0       0x28 ./src/stm32f4xx_hal_msp.o
 .debug_ranges  0x00000000000004e8       0xe8 /usr/lib/gcc/arm-none-eabi/10.3.1/thumb/v7e-m/nofp/libgcc.a(_udivmoddi4.o)
 .debug_ranges  0x00000000000005d0       0x30 /usr/lib/gcc/arm-none-eabi/10.3.1/../../../arm-none-eabi/lib/thumb/v7e-m/nofp/libg_nano.a(lib_a-vsnprintf.o)
 .debug_ranges  0x0000000000000600       0x40 /usr/lib/gcc/arm-none-eabi/10.3.1/../../../arm-none-eabi/lib/thumb/v7e-m/nofp/libg_nano.a(lib_a-nano-svfprintf.o)
 .debug_ranges  0x0000000000000640       0xa0 /usr/lib/gcc/arm-none-eabi/10.3.1/../../../arm-none-eabi/lib/thumb/v7e-m/nofp/libg_nano.a(lib_a-nano-vfprintf_i.o)
 .debug_ranges  0x00000000000006e0       0x18 /usr/lib/gcc/arm-none-eabi/10.3.1/../../../arm-none-eabi/lib/thumb/v7e-m/nofp/libg_nano.a(lib_a-nano-freer.o)
 .debug_ranges  0x00000000000006f8       0x38 /usr/lib/gcc/arm-none-eabi/10.3.1/../../../arm-none-eabi/lib/thumb/v7e-m/nofp/libg_nano.a(lib_a-nano-mallocr.o)

.debug_macro    0x0000000000000000    0x1b551
 .debug_macro   0x0000000000000000      0x3dc ./system/src/stm32f4-hal/stm32f4xx_hal.o
 .debug_macro   0x00000000000003dc      0xa7e ./system/src/stm32f4-hal/stm32f4xx_hal.o
 .debug_macro   0x0000000000000e5a      0x3a2 ./system/src/stm32f4-hal/stm32f4xx_hal.o
 .debug_macro   0x00000000000011fc       0x2e ./system/src/stm32f4-hal/stm32f4xx_hal.o
 .debug_macro   0x000000000000122a       0x28 ./system/src/stm32f4-hal/stm32f4xx_hal.o
 .debug_macro   0x0000000000001252      0x34e ./system/src/stm32f4-hal/stm32f4xx_hal.o
 .debug_macro   0x00000000000015a0       0x1c ./system/src/stm32f4-hal/stm32f4xx_hal.o
 .debug_macro   0x00000000000015bc       0x22 ./system/src/stm32f4-hal/stm32f4xx_hal.o
 .debug_macro   0x00000000000015de       0xd9 ./system/src/stm32f4-hal/stm32f4xx_hal.o
 .debug_macro   0x00000000000016b7     0x102d ./system/src/stm32f4-hal/stm32f4xx_hal.o
 .debug_macro   0x00000000000026e4      0x11f ./system/src/stm32f4-hal/stm32f4xx_hal.o
 .debug_macro   0x0000000000002803     0xb937 ./system/src/stm32f4-hal/stm32f4xx_hal.o
 .debug_macro   0x000000000000e13a       0x43 ./system/src/stm32f4-hal/stm32f4xx_hal.o
 .debug_macro   0x000000000000e17d     0x3659 ./system/src/stm32f4-hal/stm32f4xx_hal.o
 .debug_macro   0x00000000000117d6      0x174 ./system/src/stm32f4-hal/stm32f4xx_hal.o
 .debug_macro   0x000000000001194a       0x5a ./system/src/stm32f4-hal/stm32f4xx_hal.o
 .debug_macro   0x00000000000119a4      0x447 ./system/src/stm32f4-hal/stm32f4xx_hal.o
 .debug_macro   0x0000000000011deb      0x9fe ./system/src/stm32f4-hal/stm32f4xx_hal.o
 .debug_macro   0x00000000000127e9      0x117 ./system/src/stm32f4-hal/stm32f4xx_hal.o
 .debug_macro   0x0000000000012900      0x11b ./system/src/stm32f4-hal/stm32f4xx_hal.o
 .debug_macro   0x0000000000012a1b       0x27 ./system/src/stm32f4-hal/stm32f4xx_hal.o
 .debug_macro   0x0000000000012a42      0x15f ./system/src/stm32f4-hal/stm32f4xx_hal.o
 .debug_macro   0x0000000000012ba1      0x287 ./system/src/stm32f4-hal/stm32f4xx_hal.o
 .debug_macro   0x0000000000012e28       0x5f ./system/src/stm32f4-hal/stm32f4xx_hal.o
 .debug_macro   0x0000000000012e87      0x236 ./system/src/stm32f4-hal/stm32f4xx_hal.o
 .debug_macro   0x00000000000130bd      0x391 ./system/src/stm32f4-hal/stm32f4xx_hal.o
 .debug_macro   0x000000000001344e      0x17d ./system/src/stm32f4-hal/stm32f4xx_hal.o
 .debug_macro   0x00000000000135cb       0xf9 ./system/src/stm32f4-hal/stm32f4xx_hal.o
 .debug_macro   0x00000000000136c4       0x22 ./system/src/stm32f4-hal/stm32f4xx_hal.o
 .debug_macro   0x00000000000136e6      0x132 ./system/src/stm32f4-hal/stm32f4xx_hal.o
 .debug_macro   0x0000000000013818      0x264 ./system/src/stm32f4-hal/stm32f4xx_hal.o
 .debug_macro   0x0000000000013a7c       0x2e ./system/src/stm32f4-hal/stm32f4xx_hal.o
 .debug_macro   0x0000000000013aaa      0x1b5 ./system/src/stm32f4-hal/stm32f4xx_hal.o
 .debug_macro   0x0000000000013c5f       0x22 ./system/src/stm32f4-hal/stm32f4xx_hal.o
 .debug_macro   0x0000000000013c81       0xd6 ./system/src/stm32f4-hal/stm32f4xx_hal.o
 .debug_macro   0x0000000000013d57      0x279 ./system/src/stm32f4-hal/stm32f4xx_hal.o
 .debug_macro   0x0000000000013fd0      0x1a7 ./system/src/stm32f4-hal/stm32f4xx_hal.o
 .debug_macro   0x0000000000014177       0x46 ./system/src/stm32f4-hal/stm32f4xx_hal.o
 .debug_macro   0x00000000000141bd       0x4a ./system/src/stm32f4-hal/stm32f4xx_hal.o
 .debug_macro   0x0000000000014207       0x78 ./system/src/stm32f4-hal/stm32f4xx_hal.o
 .debug_macro   0x000000000001427f      0x11a ./system/src/stm32f4-hal/stm32f4xx_hal.o
 .debug_macro   0x0000000000014399       0x85 ./system/src/stm32f4-hal/stm32f4xx_hal.o
 .debug_macro   0x000000000001441e       0x89 ./system/src/stm32f4-hal/stm32f4xx_hal.o
 .debug_macro   0x00000000000144a7      0x31a ./system/src/stm32f4-hal/stm32f4xx_hal.o
 .debug_macro   0x00000000000147c1      0x405 ./system/src/stm32f4-hal/stm32f4xx_hal.o
 .debug_macro   0x0000000000014bc6       0xe4 ./system/src/stm32f4-hal/stm32f4xx_hal.o
 .debug_macro   0x0000000000014caa      0x861 ./system/src/stm32f4-hal/stm32f4xx_hal.o
 .debug_macro   0x000000000001550b      0x1d5 ./system/src/stm32f4-hal/stm32f4xx_hal.o
 .debug_macro   0x00000000000156e0      0x225 ./system/src/stm32f4-hal/stm32f4xx_hal.o
 .debug_macro   0x0000000000015905      0x8a0 ./system/src/stm32f4-hal/stm32f4xx_hal.o
 .debug_macro   0x00000000000161a5       0x47 ./system/src/stm32f4-hal/stm32f4xx_hal.o
 .debug_macro   0x00000000000161ec      0x287 ./system/src/stm32f4-hal/stm32f4xx_hal.o
 .debug_macro   0x0000000000016473      0x217 ./system/src/stm32f4-hal/stm32f4xx_hal.o
 .debug_macro   0x000000000001668a      0x1b5 ./system/src/stm32f4-hal/stm32f4xx_hal.o
 .debug_macro   0x000000000001683f      0x2db ./system/src/stm32f4-hal/stm32f4xx_hal.o
 .debug_macro   0x0000000000016b1a       0x8d ./system/src/stm32f4-hal/stm32f4xx_hal.o
 .debug_macro   0x0000000000016ba7      0x21e ./system/src/stm32f4-hal/stm32f4xx_hal.o
 .debug_macro   0x0000000000016dc5       0xba ./system/src/stm32f4-hal/stm32f4xx_hal.o
 .debug_macro   0x0000000000016e7f       0x6e ./system/src/stm32f4-hal/stm32f4xx_hal.o
 .debug_macro   0x0000000000016eed      0x1e9 ./system/src/stm32f4-hal/stm32f4xx_hal.o
 .debug_macro   0x00000000000170d6      0x126 ./system/src/stm32f4-hal/stm32f4xx_hal.o
 .debug_macro   0x00000000000171fc      0x37c ./system/src/stm32f4-hal/stm32f4xx_hal_cortex.o
 .debug_macro   0x0000000000017578      0x3a0 ./system/src/stm32f4-hal/stm32f4xx_hal_rcc.o
 .debug_macro   0x0000000000017918      0x1ae ./system/src/newlib/exit.o
 .debug_macro   0x0000000000017ac6      0x163 ./system/src/newlib/sbrk.o
 .debug_macro   0x0000000000017c29       0x10 ./system/src/newlib/sbrk.o
 .debug_macro   0x0000000000017c39      0x23b ./system/src/newlib/sbrk.o
 .debug_macro   0x0000000000017e74      0x155 ./system/src/newlib/startup.o
 .debug_macro   0x0000000000017fc9      0xa84 ./system/src/newlib/startup.o
 .debug_macro   0x0000000000018a4d      0x1ed ./system/src/newlib/syscalls.o
 .debug_macro   0x0000000000018c3a       0x1c ./system/src/newlib/syscalls.o
 .debug_macro   0x0000000000018c56       0x10 ./system/src/newlib/syscalls.o
 .debug_macro   0x0000000000018c66       0x10 ./system/src/newlib/syscalls.o
 .debug_macro   0x0000000000018c76       0x10 ./system/src/newlib/syscalls.o
 .debug_macro   0x0000000000018c86       0x35 ./system/src/newlib/syscalls.o
 .debug_macro   0x0000000000018cbb      0x12c ./system/src/newlib/syscalls.o
 .debug_macro   0x0000000000018de7       0xce ./system/src/newlib/syscalls.o
 .debug_macro   0x0000000000018eb5      0x10c ./system/src/newlib/syscalls.o
 .debug_macro   0x0000000000018fc1      0x189 ./system/src/newlib/syscalls.o
 .debug_macro   0x000000000001914a       0x16 ./system/src/newlib/syscalls.o
 .debug_macro   0x0000000000019160      0x4dc ./system/src/diag/trace-impl.o
 .debug_macro   0x000000000001963c       0x10 ./system/src/diag/trace-impl.o
 .debug_macro   0x000000000001964c       0x22 ./system/src/diag/trace-impl.o
 .debug_macro   0x000000000001966e      0x1f5 ./system/src/diag/trace.o
 .debug_macro   0x0000000000019863       0x16 ./system/src/diag/trace.o
 .debug_macro   0x0000000000019879       0x97 ./system/src/diag/trace.o
 .debug_macro   0x0000000000019910       0xfd ./system/src/diag/trace.o
 .debug_macro   0x0000000000019a0d       0x10 ./system/src/diag/trace.o
 .debug_macro   0x0000000000019a1d       0x16 ./system/src/diag/trace.o
 .debug_macro   0x0000000000019a33      0x16f ./system/src/diag/trace.o
 .debug_macro   0x0000000000019ba2       0x4c ./system/src/diag/trace.o
 .debug_macro   0x0000000000019bee       0x16 ./system/src/diag/trace.o
 .debug_macro   0x0000000000019c04      0x53a ./system/src/cortexm/exception-handlers.o
 .debug_macro   0x000000000001a13e       0x10 ./system/src/cortexm/exception-handlers.o
 .debug_macro   0x000000000001a14e      0x386 ./system/src/cortexm/initialize-hardware.o
 .debug_macro   0x000000000001a4d4      0x382 ./system/src/cmsis/system_stm32f4xx.o
 .debug_macro   0x000000000001a856       0x2a ./system/src/cmsis/vectors_stm32f411xe.o
 .debug_macro   0x000000000001a880      0x4c1 ./src/initialize-hardware.o
 .debug_macro   0x000000000001ad41      0x1e5 ./src/main.o
 .debug_macro   0x000000000001af26       0x97 ./src/main.o
 .debug_macro   0x000000000001afbd      0x104 ./src/main.o
 .debug_macro   0x000000000001b0c1      0x114 ./src/main.o
 .debug_macro   0x000000000001b1d5      0x37c ./src/stm32f4xx_hal_msp.o
